../Core/Src/main.c:95:13:RX_ResetToSync	4	static
../Core/Src/main.c:101:29:bit_to_state	16	static
../Core/Src/main.c:107:13:SPI_Rearm_1word	8	static
../Core/Src/main.c:121:13:ApplyPattern48	16	static
../Core/Src/main.c:201:6:HAL_SPI_RxCpltCallback	24	static
../Core/Src/main.c:295:6:HAL_SPI_ErrorCallback	24	static
../Core/Src/main.c:318:5:main	24	static,ignoring_inline_asm
../Core/Src/main.c:390:6:SystemClock_Config	88	static
../Core/Src/main.c:437:13:MX_SPI1_Init	8	static
../Core/Src/main.c:474:13:MX_GPIO_Init	64	static
../Core/Src/main.c:607:6:Error_Handler	4	static,ignoring_inline_asm
