../Core/Src/main.c:100:5:__io_putchar	16	static
../Core/Src/main.c:106:29:bit_to_state	16	static
../Core/Src/main.c:111:13:ADC_Monitoring	152	static
../Core/Src/main.c:149:13:SPI_Rearm_Packet	8	static
../Core/Src/main.c:171:13:SetSwitchingFrequency	32	static
../Core/Src/main.c:200:6:HAL_TIM_PeriodElapsedCallback	16	static
../Core/Src/main.c:225:13:ApplyPattern48	16	static
../Core/Src/main.c:289:6:HAL_SPI_TxRxCpltCallback	16	static
../Core/Src/main.c:297:6:HAL_SPI_ErrorCallback	24	static
../Core/Src/main.c:313:6:HAL_ADC_ConvCpltCallback	16	static
../Core/Src/main.c:326:5:main	80	static,ignoring_inline_asm
../Core/Src/main.c:509:6:SystemClock_Config	88	static
../Core/Src/main.c:556:13:MX_ADC1_Init	24	static
../Core/Src/main.c:636:13:MX_SPI1_Init	8	static
../Core/Src/main.c:673:13:MX_TIM2_Init	32	static
../Core/Src/main.c:718:13:MX_USART3_UART_Init	8	static
../Core/Src/main.c:749:13:MX_DMA_Init	16	static
../Core/Src/main.c:767:13:MX_GPIO_Init	64	static
../Core/Src/main.c:900:6:Error_Handler	4	static,ignoring_inline_asm
