../Core/Src/main.c:100:5:__io_putchar	16	static
../Core/Src/main.c:106:29:bit_to_state	16	static
../Core/Src/main.c:149:13:SPI_Rearm_Packet	8	static
../Core/Src/main.c:163:13:FillMonitorTxPacket	16	static
../Core/Src/main.c:191:13:SetSwitchingFrequency	32	static
../Core/Src/main.c:220:6:HAL_TIM_PeriodElapsedCallback	16	static
../Core/Src/main.c:245:13:ApplyPattern48	16	static
../Core/Src/main.c:310:6:HAL_SPI_TxRxCpltCallback	16	static
../Core/Src/main.c:318:6:HAL_SPI_ErrorCallback	24	static
../Core/Src/main.c:334:6:HAL_ADC_ConvCpltCallback	16	static
../Core/Src/main.c:347:5:main	40	static,ignoring_inline_asm
../Core/Src/main.c:530:6:SystemClock_Config	88	static
../Core/Src/main.c:577:13:MX_ADC1_Init	24	static
../Core/Src/main.c:656:13:MX_SPI1_Init	8	static
../Core/Src/main.c:693:13:MX_TIM2_Init	32	static
../Core/Src/main.c:738:13:MX_USART3_UART_Init	8	static
../Core/Src/main.c:769:13:MX_DMA_Init	16	static
../Core/Src/main.c:787:13:MX_GPIO_Init	64	static
../Core/Src/main.c:930:6:Error_Handler	4	static,ignoring_inline_asm
