../Core/Src/main.c:101:5:__io_putchar	16	static
../Core/Src/main.c:107:29:bit_to_state	16	static
../Core/Src/main.c:112:13:ADC_Monitoring	152	static
../Core/Src/main.c:150:13:SPI_Rearm_Packet	8	static
../Core/Src/main.c:169:13:FillMonitorTxPacket	16	static
../Core/Src/main.c:197:13:SetSwitchingFrequency	32	static
../Core/Src/main.c:226:6:HAL_TIM_PeriodElapsedCallback	16	static
../Core/Src/main.c:251:13:ApplyPattern48	16	static
../Core/Src/main.c:315:6:HAL_SPI_TxRxCpltCallback	16	static
../Core/Src/main.c:323:6:HAL_SPI_ErrorCallback	24	static
../Core/Src/main.c:339:6:HAL_ADC_ConvCpltCallback	16	static
../Core/Src/main.c:352:5:main	32	static,ignoring_inline_asm
../Core/Src/main.c:535:6:SystemClock_Config	88	static
../Core/Src/main.c:582:13:MX_ADC1_Init	24	static
../Core/Src/main.c:662:13:MX_SPI1_Init	8	static
../Core/Src/main.c:699:13:MX_TIM2_Init	32	static
../Core/Src/main.c:744:13:MX_USART3_UART_Init	8	static
../Core/Src/main.c:775:13:MX_DMA_Init	16	static
../Core/Src/main.c:793:13:MX_GPIO_Init	64	static
../Core/Src/main.c:926:6:Error_Handler	4	static,ignoring_inline_asm
