../Core/Src/main.c:71:5:__io_putchar	16	static
../Core/Src/main.c:77:6:ApplyPattern	16	static
../Core/Src/main.c:86:6:SetSwitchingFrequency	32	static
../Core/Src/main.c:101:6:HAL_TIM_PeriodElapsedCallback	16	static
../Core/Src/main.c:124:5:main	8	static
../Core/Src/main.c:191:6:SystemClock_Config	88	static
../Core/Src/main.c:238:13:MX_TIM2_Init	32	static
../Core/Src/main.c:283:13:MX_USART3_UART_Init	8	static
../Core/Src/main.c:316:13:MX_USB_OTG_FS_PCD_Init	8	static
../Core/Src/main.c:351:13:MX_GPIO_Init	56	static
../Core/Src/main.c:432:6:Error_Handler	4	static,ignoring_inline_asm
