../Core/Src/main.c:95:5:__io_putchar	16	static
../Core/Src/main.c:106:13:SPI_Rearm_Packet	8	static
../Core/Src/main.c:233:6:HAL_SPI_RxCpltCallback	16	static
../Core/Src/main.c:241:6:HAL_SPI_ErrorCallback	24	static
../Core/Src/main.c:264:5:main	80	static,ignoring_inline_asm
../Core/Src/main.c:443:6:SystemClock_Config	88	static
../Core/Src/main.c:490:13:MX_SPI1_Init	8	static
../Core/Src/main.c:528:13:MX_TIM2_Init	32	static
../Core/Src/main.c:573:13:MX_USART3_UART_Init	8	static
../Core/Src/main.c:606:13:MX_GPIO_Init	64	static
../Core/Src/main.c:739:6:Error_Handler	4	static,ignoring_inline_asm
