17:21:51 **** Incremental Build of configuration Debug for project FrequencyTest ****
make -j7 all 
arm-none-eabi-gcc "../Core/Src/main.c" -mcpu=cortex-m4 -std=gnu11 -g3 -DDEBUG -DUSE_HAL_DRIVER -DSTM32F446xx -c -I../Core/Inc -I../Drivers/STM32F4xx_HAL_Driver/Inc -I../Drivers/STM32F4xx_HAL_Driver/Inc/Legacy -I../Drivers/CMSIS/Device/ST/STM32F4xx/Include -I../Drivers/CMSIS/Include -O0 -ffunction-sections -fdata-sections -Wall -fstack-usage -fcyclomatic-complexity -MMD -MP -MF"Core/Src/main.d" -MT"Core/Src/main.o" --specs=nano.specs -mfpu=fpv4-sp-d16 -mfloat-abi=hard -mthumb -o "Core/Src/main.o"
arm-none-eabi-gcc -o "FrequencyTest.elf" @"objects.list"   -mcpu=cortex-m4 -T"/Users/rawandbk/STM32CubeIDE/workspace_1.19.0/FrequencyTest/STM32F446ZETX_FLASH.ld" --specs=nosys.specs -Wl,-Map="FrequencyTest.map" -Wl,--gc-sections -static --specs=nano.specs -mfpu=fpv4-sp-d16 -mfloat-abi=hard -mthumb -Wl,--start-group -lc -lm -Wl,--end-group
Finished building target: FrequencyTest.elf
 
arm-none-eabi-size  FrequencyTest.elf 
arm-none-eabi-objdump -h -S FrequencyTest.elf  > "FrequencyTest.list"
   text	   data	    bss	    dec	    hex	filename
  19680	     92	   3316	  23088	   5a30	FrequencyTest.elf
Finished building: default.size.stdout
 
Finished building: FrequencyTest.list
 

17:21:52 Build Finished. 0 errors, 0 warnings. (took 662ms)

