12:58:09 **** Incremental Build of configuration Debug for project VolatgeMonitoring ****
make -j7 all 
arm-none-eabi-gcc "../Core/Src/main.c" -mcpu=cortex-m4 -std=gnu11 -g3 -DDEBUG -DUSE_HAL_DRIVER -DSTM32F446xx -c -I../Core/Inc -I../Drivers/STM32F4xx_HAL_Driver/Inc -I../Drivers/STM32F4xx_HAL_Driver/Inc/Legacy -I../Drivers/CMSIS/Device/ST/STM32F4xx/Include -I../Drivers/CMSIS/Include -O0 -ffunction-sections -fdata-sections -Wall -fstack-usage -fcyclomatic-complexity -MMD -MP -MF"Core/Src/main.d" -MT"Core/Src/main.o" --specs=nano.specs -mfpu=fpv4-sp-d16 -mfloat-abi=hard -mthumb -o "Core/Src/main.o"
arm-none-eabi-gcc -o "VolatgeMonitoring.elf" @"objects.list"   -mcpu=cortex-m4 -T"/Users/rawandbk/STM32CubeIDE/workspace_1.19.0/VolatgeMonitoring/STM32F446ZETX_FLASH.ld" --specs=nosys.specs -Wl,-Map="VolatgeMonitoring.map" -Wl,--gc-sections -static -u _printf_float --specs=nano.specs -mfpu=fpv4-sp-d16 -mfloat-abi=hard -mthumb -Wl,--start-group -lc -lm -Wl,--end-group
Finished building target: VolatgeMonitoring.elf
 
arm-none-eabi-size  VolatgeMonitoring.elf 
arm-none-eabi-objdump -h -S VolatgeMonitoring.elf  > "VolatgeMonitoring.list"
   text	   data	    bss	    dec	    hex	filename
  31492	    468	   3300	  35260	   89bc	VolatgeMonitoring.elf
Finished building: default.size.stdout
 
Finished building: VolatgeMonitoring.list
 

12:58:13 Build Finished. 0 errors, 0 warnings. (took 4s.267ms)

